10000111111111122222222222333333334444444444555555
