111111111122222222333333334444445555555556666666666666777777788888888999999999
