1000111111222222333333333334444444444455555555555566666666666666667777777777788888888899999999999999
